11 13
20 18
~~~~~~~~~~~~~^~~~~~~~~~~~~~~~~~~
~o~~~~~~~~~~~~~~~~~~~~~~~~~~~~~o
~~~~~~~~~~~~~~^~~~~~~~~~~^~~o~~~
~~~~~~~~~~~~~~~~~~~~~~^~~~~~~~~~
~~~~~~~~~~~~~~~~~~~~~~~~~o~~~~~~
~o~~~~~~~~~~~~~~~~~~~~~~~~~^~~~~
~~~~o~~~~~~~~~~~~~~^~~~~~~~~~~~~
~~~~~~o~~~~~~~~~~~~~~~~~~~~~~~~~
~~~~~~~~~~~~~~~~~~~~~~~~~~~~~~~~
~^~~~~~~^~~~~~~~~~~~~~~~~~~~~~~~
~~~~~~~~~~~~^~~~~~~~~~~~~~~~~~~~
~~~~~^~~~~~~~o~~~~~~~~^~~~~~~~~~
~~~~~~~~~~^~~~~~~~~~~~~~~~~~~~~~
~~~~~~~~~~~~~o~~~~~~~~~~~~~~~~~~
~~~~~~^~~~~~~~~o~~~~~~~~~~~~~~~~
~~~~^~~~~~o~~~~~~~~~~~~~~~~~~~~~
~~~~~~~~~~~~~~~~~~~~~o~~~~~^~~~~
~~~~~~~~~~~~~~~~o~~~~~~~~^~~~~~~
~~~~~~~~~~~~~~~~~~o~~~~~~~~~~~~~
~~~~~~~~~~~~~~~~~~~~~^~~~~~~~~~~
~~~~~~~~~^~~~~~~~~o~~~~~~~^~~~~~
~~~~~~~~~~~~~~~~~~~^~~~~~~~~~~~~
~~~~~~~~~~~~~~~~~~~~~~~^~~~~~~^~
~~~~~~~~~~~~~~~~~~~~~~~~~~~~~~~~
~~~~~~~~~~~~~~~~~~~~~~~~~o~~~~~~
~~~~~~~~~~~~^~~~~~~~~~~~~~~o~~~~
~~~~^~~~~~~~~~~~~~~~~~~~~~~~~~o~
~~~~~~o~~~~~~~~~~~~~~~~~~~~~~~~~
~~~~~~~~~^~~~~~~~~~~~~~~~~~~~~~~
~~~o~~^~~~~~~~~~~^~~~~~~~~~~~~~~
o~~~~~~~~~~~~~~~~~~~~~~~~~~~~~o~
~~~~~~~~~~~~~~~~~~^~~~~~~~~~~~~~
